================================================================================
VISIONDX BACKEND API VERIFICATION REPORT
Generated: 2026-03-07 13:11:53
================================================================================

python : Traceback (most recent call last):
At line:1 char:1
+ python test_backend_api.py 2>&1 > test_report.txt; Get-Content test_r ...
+ ~~~~~~~~~~~~~~~~~~~~~~~~~~~~~~~~~~~~~~~~~~~~~~~~~
    + CategoryInfo          : NotSpecified: (Traceback (most recent call last) 
   ::String) [], RemoteException
    + FullyQualifiedErrorId : NativeCommandError
 
  File "D:\risu\VisionDX\test_backend_api.py", line 270, in <module>
    asyncio.run(main())
  File "C:\Python\Lib\asyncio\runners.py", line 194, in run
    return runner.run(main)
           ^^^^^^^^^^^^^^^^
  File "C:\Python\Lib\asyncio\runners.py", line 118, in run
    return self._loop.run_until_complete(task)
           ^^^^^^^^^^^^^^^^^^^^^^^^^^^^^^^^^^^
  File "C:\Python\Lib\asyncio\base_events.py", line 687, in run_until_complete
    return future.result()
           ^^^^^^^^^^^^^^^
  File "D:\risu\VisionDX\test_backend_api.py", line 266, in main
    await tester.test_all()
  File "D:\risu\VisionDX\test_backend_api.py", line 29, in test_all
    print("\U0001f4cb SECTION 1: CORE SYSTEM ENDPOINTS")
  File "C:\Python\Lib\encodings\cp1252.py", line 19, in encode
    return codecs.charmap_encode(input,self.errors,encoding_table)[0]
           ^^^^^^^^^^^^^^^^^^^^^^^^^^^^^^^^^^^^^^^^^^^^^^^^^^^^^^^
UnicodeEncodeError: 'charmap' codec can't encode character '\U0001f4cb' in 
position 0: character maps to <undefined>
